2026-09-27 15:15:28 - AI_Gouf - INFO - ============================================================
2026-09-27 15:15:28 - AI_Gouf - INFO - AI Gouf Consulting v1.0.0 - Logging initialized
2026-09-27 15:15:28 - AI_Gouf - INFO - Log file: logs\ai_gouf.log
2026-09-27 15:15:28 - AI_Gouf - INFO - Log level: INFO
2026-09-27 15:15:28 - AI_Gouf - INFO - Started at: 2026-09-27 15:15:28
2026-09-27 15:15:28 - AI_Gouf - INFO - ============================================================
2026-09-27 15:15:47 - AI_Gouf.cache_cleanup - INFO - 🧹 Job pembersihan cache ekstraksi terdaftar, jalan tiap hari jam 03:00.
2026-09-27 15:23:20 - AI_Gouf.auth - INFO - ✅ Login berhasil (database): admin
2026-09-27 15:23:36 - AI_Gouf.auth - INFO - ✅ Login berhasil (database): admin
2026-09-27 15:24:00 - AI_Gouf.auth - INFO - ✅ Login berhasil (database): admin
2026-09-27 16:08:15 - AI_Gouf - INFO - ============================================================
2026-09-27 16:08:15 - AI_Gouf - INFO - AI Gouf Consulting v1.0.0 - Logging initialized
2026-09-27 16:08:15 - AI_Gouf - INFO - Log file: logs\ai_gouf.log
2026-09-27 16:08:15 - AI_Gouf - INFO - Log level: INFO
2026-09-27 16:08:15 - AI_Gouf - INFO - Started at: 2026-09-27 16:08:15
2026-09-27 16:08:15 - AI_Gouf - INFO - ============================================================
2026-09-27 16:08:26 - AI_Gouf.cache_cleanup - INFO - 🧹 Job pembersihan cache ekstraksi terdaftar, jalan tiap hari jam 03:00.
2026-09-27 16:08:45 - AI_Gouf - INFO - ============================================================
2026-09-27 16:08:45 - AI_Gouf - INFO - AI Gouf Consulting v1.0.0 - Logging initialized
2026-09-27 16:08:45 - AI_Gouf - INFO - Log file: logs\ai_gouf.log
2026-09-27 16:08:45 - AI_Gouf - INFO - Log level: INFO
2026-09-27 16:08:45 - AI_Gouf - INFO - Started at: 2026-09-27 16:08:45
2026-09-27 16:08:45 - AI_Gouf - INFO - ============================================================
2026-09-27 16:08:55 - AI_Gouf.cache_cleanup - INFO - 🧹 Job pembersihan cache ekstraksi terdaftar, jalan tiap hari jam 03:00.
2026-09-27 16:09:14 - AI_Gouf - INFO - ============================================================
2026-09-27 16:09:14 - AI_Gouf - INFO - AI Gouf Consulting v1.0.0 - Logging initialized
2026-09-27 16:09:14 - AI_Gouf - INFO - Log file: logs\ai_gouf.log
2026-09-27 16:09:14 - AI_Gouf - INFO - Log level: INFO
2026-09-27 16:09:14 - AI_Gouf - INFO - Started at: 2026-09-27 16:09:14
2026-09-27 16:09:14 - AI_Gouf - INFO - ============================================================
2026-09-27 16:09:27 - AI_Gouf.cache_cleanup - INFO - 🧹 Job pembersihan cache ekstraksi terdaftar, jalan tiap hari jam 03:00.
2026-09-27 16:10:13 - AI_Gouf - INFO - ============================================================
2026-09-27 16:10:13 - AI_Gouf - INFO - AI Gouf Consulting v1.0.0 - Logging initialized
2026-09-27 16:10:13 - AI_Gouf - INFO - Log file: logs\ai_gouf.log
2026-09-27 16:10:13 - AI_Gouf - INFO - Log level: INFO
2026-09-27 16:10:13 - AI_Gouf - INFO - Started at: 2026-09-27 16:10:13
2026-09-27 16:10:13 - AI_Gouf - INFO - ============================================================
2026-09-27 16:10:23 - AI_Gouf.cache_cleanup - INFO - 🧹 Job pembersihan cache ekstraksi terdaftar, jalan tiap hari jam 03:00.
2026-09-27 16:10:39 - AI_Gouf - INFO - ============================================================
2026-09-27 16:10:39 - AI_Gouf - INFO - AI Gouf Consulting v1.0.0 - Logging initialized
2026-09-27 16:10:39 - AI_Gouf - INFO - Log file: logs\ai_gouf.log
2026-09-27 16:10:39 - AI_Gouf - INFO - Log level: INFO
2026-09-27 16:10:39 - AI_Gouf - INFO - Started at: 2026-09-27 16:10:39
2026-09-27 16:10:39 - AI_Gouf - INFO - ============================================================
2026-09-27 16:11:14 - AI_Gouf - INFO - ============================================================
2026-09-27 16:11:14 - AI_Gouf - INFO - AI Gouf Consulting v1.0.0 - Logging initialized
2026-09-27 16:11:14 - AI_Gouf - INFO - Log file: logs\ai_gouf.log
2026-09-27 16:11:14 - AI_Gouf - INFO - Log level: INFO
2026-09-27 16:11:14 - AI_Gouf - INFO - Started at: 2026-09-27 16:11:14
2026-09-27 16:11:14 - AI_Gouf - INFO - ============================================================
2026-09-27 16:11:28 - AI_Gouf.cache_cleanup - INFO - 🧹 Job pembersihan cache ekstraksi terdaftar, jalan tiap hari jam 03:00.
2026-09-27 16:15:50 - AI_Gouf - INFO - ============================================================
2026-09-27 16:15:50 - AI_Gouf - INFO - AI Gouf Consulting v1.0.0 - Logging initialized
2026-09-27 16:15:50 - AI_Gouf - INFO - Log file: logs\ai_gouf.log
2026-09-27 16:15:50 - AI_Gouf - INFO - Log level: INFO
2026-09-27 16:15:50 - AI_Gouf - INFO - Started at: 2026-09-27 16:15:50
2026-09-27 16:15:50 - AI_Gouf - INFO - ============================================================
2026-09-27 16:16:05 - AI_Gouf.cache_cleanup - INFO - 🧹 Job pembersihan cache ekstraksi terdaftar, jalan tiap hari jam 03:00.
2026-09-27 16:16:37 - AI_Gouf - INFO - ============================================================
2026-09-27 16:16:37 - AI_Gouf - INFO - AI Gouf Consulting v1.0.0 - Logging initialized
2026-09-27 16:16:37 - AI_Gouf - INFO - Log file: logs\ai_gouf.log
2026-09-27 16:16:37 - AI_Gouf - INFO - Log level: INFO
2026-09-27 16:16:37 - AI_Gouf - INFO - Started at: 2026-09-27 16:16:37
2026-09-27 16:16:37 - AI_Gouf - INFO - ============================================================
2026-09-27 16:25:25 - AI_Gouf - INFO - ============================================================
2026-09-27 16:25:25 - AI_Gouf - INFO - AI Gouf Consulting v1.0.0 - Logging initialized
2026-09-27 16:25:25 - AI_Gouf - INFO - Log file: logs\ai_gouf.log
2026-09-27 16:25:25 - AI_Gouf - INFO - Log level: INFO
2026-09-27 16:25:25 - AI_Gouf - INFO - Started at: 2026-09-27 16:25:25
2026-09-27 16:25:25 - AI_Gouf - INFO - ============================================================
2026-09-27 16:25:31 - AI_Gouf.cache_cleanup - INFO - 🧹 Job pembersihan cache ekstraksi terdaftar, jalan tiap hari jam 03:00.
2026-09-27 16:25:49 - AI_Gouf - INFO - ============================================================
2026-09-27 16:25:49 - AI_Gouf - INFO - AI Gouf Consulting v1.0.0 - Logging initialized
2026-09-27 16:25:49 - AI_Gouf - INFO - Log file: logs\ai_gouf.log
2026-09-27 16:25:49 - AI_Gouf - INFO - Log level: INFO
2026-09-27 16:25:49 - AI_Gouf - INFO - Started at: 2026-09-27 16:25:49
2026-09-27 16:25:49 - AI_Gouf - INFO - ============================================================
2026-09-27 16:31:00 - AI_Gouf - INFO - ============================================================
2026-09-27 16:31:00 - AI_Gouf - INFO - AI Gouf Consulting v1.0.0 - Logging initialized
2026-09-27 16:31:00 - AI_Gouf - INFO - Log file: logs\ai_gouf.log
2026-09-27 16:31:00 - AI_Gouf - INFO - Log level: INFO
2026-09-27 16:31:00 - AI_Gouf - INFO - Started at: 2026-09-27 16:31:00
2026-09-27 16:31:00 - AI_Gouf - INFO - ============================================================
2026-09-27 16:31:07 - AI_Gouf.cache_cleanup - INFO - 🧹 Job pembersihan cache ekstraksi terdaftar, jalan tiap hari jam 03:00.
2026-09-27 16:45:37 - AI_Gouf - INFO - ============================================================
2026-09-27 16:45:37 - AI_Gouf - INFO - AI Gouf Consulting v1.0.0 - Logging initialized
2026-09-27 16:45:37 - AI_Gouf - INFO - Log file: logs\ai_gouf.log
2026-09-27 16:45:37 - AI_Gouf - INFO - Log level: INFO
2026-09-27 16:45:37 - AI_Gouf - INFO - Started at: 2026-09-27 16:45:37
2026-09-27 16:45:37 - AI_Gouf - INFO - ============================================================
2026-09-27 16:48:25 - AI_Gouf - INFO - ============================================================
2026-09-27 16:48:25 - AI_Gouf - INFO - AI Gouf Consulting v1.0.0 - Logging initialized
2026-09-27 16:48:25 - AI_Gouf - INFO - Log file: logs\ai_gouf.log
2026-09-27 16:48:25 - AI_Gouf - INFO - Log level: INFO
2026-09-27 16:48:25 - AI_Gouf - INFO - Started at: 2026-09-27 16:48:25
2026-09-27 16:48:25 - AI_Gouf - INFO - ============================================================
2026-09-27 16:48:31 - AI_Gouf.cache_cleanup - INFO - 🧹 Job pembersihan cache ekstraksi terdaftar, jalan tiap hari jam 03:00.
2026-09-27 16:48:51 - AI_Gouf - INFO - ============================================================
2026-09-27 16:48:51 - AI_Gouf - INFO - AI Gouf Consulting v1.0.0 - Logging initialized
2026-09-27 16:48:51 - AI_Gouf - INFO - Log file: logs\ai_gouf.log
2026-09-27 16:48:51 - AI_Gouf - INFO - Log level: INFO
2026-09-27 16:48:51 - AI_Gouf - INFO - Started at: 2026-09-27 16:48:51
2026-09-27 16:48:51 - AI_Gouf - INFO - ============================================================
2026-09-27 16:59:04 - AI_Gouf - INFO - ============================================================
2026-09-27 16:59:04 - AI_Gouf - INFO - AI Gouf Consulting v1.0.0 - Logging initialized
2026-09-27 16:59:04 - AI_Gouf - INFO - Log file: logs\ai_gouf.log
2026-09-27 16:59:04 - AI_Gouf - INFO - Log level: INFO
2026-09-27 16:59:04 - AI_Gouf - INFO - Started at: 2026-09-27 16:59:04
2026-09-27 16:59:04 - AI_Gouf - INFO - ============================================================
2026-09-27 16:59:31 - AI_Gouf - INFO - ============================================================
2026-09-27 16:59:31 - AI_Gouf - INFO - AI Gouf Consulting v1.0.0 - Logging initialized
2026-09-27 16:59:31 - AI_Gouf - INFO - Log file: logs\ai_gouf.log
2026-09-27 16:59:31 - AI_Gouf - INFO - Log level: INFO
2026-09-27 16:59:31 - AI_Gouf - INFO - Started at: 2026-09-27 16:59:31
2026-09-27 16:59:31 - AI_Gouf - INFO - ============================================================
2026-09-27 16:59:37 - AI_Gouf.cache_cleanup - INFO - 🧹 Job pembersihan cache ekstraksi terdaftar, jalan tiap hari jam 03:00.
2026-09-27 16:59:55 - AI_Gouf - INFO - ============================================================
2026-09-27 16:59:55 - AI_Gouf - INFO - AI Gouf Consulting v1.0.0 - Logging initialized
2026-09-27 16:59:55 - AI_Gouf - INFO - Log file: logs\ai_gouf.log
2026-09-27 16:59:55 - AI_Gouf - INFO - Log level: INFO
2026-09-27 16:59:55 - AI_Gouf - INFO - Started at: 2026-09-27 16:59:55
2026-09-27 16:59:55 - AI_Gouf - INFO - ============================================================
